// Jest Snapshot v1, https://goo.gl/fbAQLP

exports[`PostList handlePermalinkPress calls permalinkBadTeam when props.onPermalinkPress is not set and getChannelsByTeamName fails 1`] = `
<FlatList
  ListFooterComponent={[Function]}
  contentContainerStyle={
    Object {
      "paddingTop": 5,
    }
  }
  data={
    Array [
      "post-id-1",
      "post-id-2",
    ]
  }
  disableVirtualization={false}
  extraData={
    Array [
      "channel-id",
      undefined,
      undefined,
      undefined,
    ]
  }
  horizontal={false}
  initialNumToRender={10}
  inverted={true}
  keyExtractor={[Function]}
  keyboardDismissMode="interactive"
  keyboardShouldPersistTaps="handled"
  listKey="recyclerFor-channel-id"
  maintainVisibleContentPosition={
    Object {
      "autoscrollToTopThreshold": 60,
      "minIndexForVisible": 0,
    }
  }
  maxToRenderPerBatch={10}
  numColumns={1}
  onContentSizeChange={[Function]}
  onEndReachedThreshold={2}
  onLayout={[Function]}
  onScroll={[Function]}
  onScrollBeginDrag={[Function]}
  onScrollToIndexFailed={[Function]}
  refreshControl={
    <RefreshControl
      colors={
        Array [
          "#3d3c40",
        ]
      }
      onRefresh={[Function]}
      refreshing={false}
      tintColor="#3d3c40"
    />
  }
  removeClippedSubviews={false}
  renderItem={[Function]}
  scrollEventThrottle={60}
  style={
    Object {
      "flex": 1,
    }
  }
  updateCellsBatchingPeriod={50}
  windowSize={50}
/>
`;

exports[`PostList handlePermalinkPress calls props.onPermalinkPress set 1`] = `
<FlatList
  ListFooterComponent={[Function]}
  contentContainerStyle={
    Object {
      "paddingTop": 5,
    }
  }
  data={
    Array [
      "post-id-1",
      "post-id-2",
    ]
  }
  disableVirtualization={false}
  extraData={
    Array [
      "channel-id",
      undefined,
      undefined,
      undefined,
    ]
  }
  horizontal={false}
  initialNumToRender={10}
  inverted={true}
  keyExtractor={[Function]}
  keyboardDismissMode="interactive"
  keyboardShouldPersistTaps="handled"
  listKey="recyclerFor-channel-id"
  maintainVisibleContentPosition={
    Object {
      "autoscrollToTopThreshold": 60,
      "minIndexForVisible": 0,
    }
  }
  maxToRenderPerBatch={10}
  numColumns={1}
  onContentSizeChange={[Function]}
  onEndReachedThreshold={2}
  onLayout={[Function]}
  onScroll={[Function]}
  onScrollBeginDrag={[Function]}
  onScrollToIndexFailed={[Function]}
  refreshControl={
    <RefreshControl
      colors={
        Array [
          "#3d3c40",
        ]
      }
      onRefresh={[Function]}
      refreshing={false}
      tintColor="#3d3c40"
    />
  }
  removeClippedSubviews={false}
  renderItem={[Function]}
  scrollEventThrottle={60}
  style={
    Object {
      "flex": 1,
    }
  }
  updateCellsBatchingPeriod={50}
  windowSize={50}
/>
`;

exports[`PostList handlePermalinkPress calls showPermalinkView when props.onPermalinkPress is not set and getChannelsByTeamName succeeds 1`] = `
<FlatList
  ListFooterComponent={[Function]}
  contentContainerStyle={
    Object {
      "paddingTop": 5,
    }
  }
  data={
    Array [
      "post-id-1",
      "post-id-2",
    ]
  }
  disableVirtualization={false}
  extraData={
    Array [
      "channel-id",
      undefined,
      undefined,
      undefined,
    ]
  }
  horizontal={false}
  initialNumToRender={10}
  inverted={true}
  keyExtractor={[Function]}
  keyboardDismissMode="interactive"
  keyboardShouldPersistTaps="handled"
  listKey="recyclerFor-channel-id"
  maintainVisibleContentPosition={
    Object {
      "autoscrollToTopThreshold": 60,
      "minIndexForVisible": 0,
    }
  }
  maxToRenderPerBatch={10}
  numColumns={1}
  onContentSizeChange={[Function]}
  onEndReachedThreshold={2}
  onLayout={[Function]}
  onScroll={[Function]}
  onScrollBeginDrag={[Function]}
  onScrollToIndexFailed={[Function]}
  refreshControl={
    <RefreshControl
      colors={
        Array [
          "#3d3c40",
        ]
      }
      onRefresh={[Function]}
      refreshing={false}
      tintColor="#3d3c40"
    />
  }
  removeClippedSubviews={false}
  renderItem={[Function]}
  scrollEventThrottle={60}
  style={
    Object {
      "flex": 1,
    }
  }
  updateCellsBatchingPeriod={50}
  windowSize={50}
/>
`;

exports[`PostList setting channel deep link 1`] = `
<FlatList
  ListFooterComponent={[Function]}
  contentContainerStyle={
    Object {
      "paddingTop": 5,
    }
  }
  data={
    Array [
      "post-id-1",
      "post-id-2",
    ]
  }
  disableVirtualization={false}
  extraData={
    Array [
      "channel-id",
      undefined,
      undefined,
      undefined,
    ]
  }
  horizontal={false}
  initialNumToRender={10}
  inverted={true}
  keyExtractor={[Function]}
  keyboardDismissMode="interactive"
  keyboardShouldPersistTaps="handled"
  listKey="recyclerFor-channel-id"
  maintainVisibleContentPosition={
    Object {
      "autoscrollToTopThreshold": 60,
      "minIndexForVisible": 0,
    }
  }
  maxToRenderPerBatch={10}
  numColumns={1}
  onContentSizeChange={[Function]}
  onEndReachedThreshold={2}
  onLayout={[Function]}
  onScroll={[Function]}
  onScrollBeginDrag={[Function]}
  onScrollToIndexFailed={[Function]}
  refreshControl={
    <RefreshControl
      colors={
        Array [
          "#3d3c40",
        ]
      }
      onRefresh={[Function]}
      refreshing={false}
      tintColor="#3d3c40"
    />
  }
  removeClippedSubviews={false}
  renderItem={[Function]}
  scrollEventThrottle={60}
  style={
    Object {
      "flex": 1,
    }
  }
  updateCellsBatchingPeriod={50}
  windowSize={50}
/>
`;

exports[`PostList setting permalink deep link 1`] = `
<FlatList
  ListFooterComponent={[Function]}
  contentContainerStyle={
    Object {
      "paddingTop": 5,
    }
  }
  data={
    Array [
      "post-id-1",
      "post-id-2",
    ]
  }
  disableVirtualization={false}
  extraData={
    Array [
      "channel-id",
      undefined,
      undefined,
      undefined,
    ]
  }
  horizontal={false}
  initialNumToRender={10}
  inverted={true}
  keyExtractor={[Function]}
  keyboardDismissMode="interactive"
  keyboardShouldPersistTaps="handled"
  listKey="recyclerFor-channel-id"
  maintainVisibleContentPosition={
    Object {
      "autoscrollToTopThreshold": 60,
      "minIndexForVisible": 0,
    }
  }
  maxToRenderPerBatch={10}
  numColumns={1}
  onContentSizeChange={[Function]}
  onEndReachedThreshold={2}
  onLayout={[Function]}
  onScroll={[Function]}
  onScrollBeginDrag={[Function]}
  onScrollToIndexFailed={[Function]}
  refreshControl={
    <RefreshControl
      colors={
        Array [
          "#3d3c40",
        ]
      }
      onRefresh={[Function]}
      refreshing={false}
      tintColor="#3d3c40"
    />
  }
  removeClippedSubviews={false}
  renderItem={[Function]}
  scrollEventThrottle={60}
  style={
    Object {
      "flex": 1,
    }
  }
  updateCellsBatchingPeriod={50}
  windowSize={50}
/>
`;

exports[`PostList should match snapshot 1`] = `
<FlatList
  ListFooterComponent={[Function]}
  contentContainerStyle={
    Object {
      "paddingTop": 5,
    }
  }
  data={
    Array [
      "post-id-1",
      "post-id-2",
    ]
  }
  disableVirtualization={false}
  extraData={
    Array [
      "channel-id",
      undefined,
      undefined,
      undefined,
    ]
  }
  horizontal={false}
  initialNumToRender={10}
  inverted={true}
  keyExtractor={[Function]}
  keyboardDismissMode="interactive"
  keyboardShouldPersistTaps="handled"
  listKey="recyclerFor-channel-id"
  maintainVisibleContentPosition={
    Object {
      "autoscrollToTopThreshold": 60,
      "minIndexForVisible": 0,
    }
  }
  maxToRenderPerBatch={10}
  numColumns={1}
  onContentSizeChange={[Function]}
  onEndReachedThreshold={2}
  onLayout={[Function]}
  onScroll={[Function]}
  onScrollBeginDrag={[Function]}
  onScrollToIndexFailed={[Function]}
  refreshControl={
    <RefreshControl
      colors={
        Array [
          "#3d3c40",
        ]
      }
      onRefresh={[Function]}
      refreshing={false}
      tintColor="#3d3c40"
    />
  }
  removeClippedSubviews={false}
  renderItem={[Function]}
  scrollEventThrottle={60}
  style={
    Object {
      "flex": 1,
    }
  }
  updateCellsBatchingPeriod={50}
  windowSize={50}
/>
`;

exports[`PostList showPermalinkView calls actions.selectFocuesPostId and opens modal if permalink is not showing 1`] = `
<FlatList
  ListFooterComponent={[Function]}
  contentContainerStyle={
    Object {
      "paddingTop": 5,
    }
  }
  data={
    Array [
      "post-id-1",
      "post-id-2",
    ]
  }
  disableVirtualization={false}
  extraData={
    Array [
      "channel-id",
      undefined,
      undefined,
      undefined,
    ]
  }
  horizontal={false}
  initialNumToRender={10}
  inverted={true}
  keyExtractor={[Function]}
  keyboardDismissMode="interactive"
  keyboardShouldPersistTaps="handled"
  listKey="recyclerFor-channel-id"
  maintainVisibleContentPosition={
    Object {
      "autoscrollToTopThreshold": 60,
      "minIndexForVisible": 0,
    }
  }
  maxToRenderPerBatch={10}
  numColumns={1}
  onContentSizeChange={[Function]}
  onEndReachedThreshold={2}
  onLayout={[Function]}
  onScroll={[Function]}
  onScrollBeginDrag={[Function]}
  onScrollToIndexFailed={[Function]}
  refreshControl={
    <RefreshControl
      colors={
        Array [
          "#3d3c40",
        ]
      }
      onRefresh={[Function]}
      refreshing={false}
      tintColor="#3d3c40"
    />
  }
  removeClippedSubviews={false}
  renderItem={[Function]}
  scrollEventThrottle={60}
  style={
    Object {
      "flex": 1,
    }
  }
  updateCellsBatchingPeriod={50}
  windowSize={50}
/>
`;

exports[`PostList showPermalinkView calls actions.selectFocuesPostId but doesn't open modal if permalink already showing 1`] = `
<FlatList
  ListFooterComponent={[Function]}
  contentContainerStyle={
    Object {
      "paddingTop": 5,
    }
  }
  data={
    Array [
      "post-id-1",
      "post-id-2",
    ]
  }
  disableVirtualization={false}
  extraData={
    Array [
      "channel-id",
      undefined,
      undefined,
      undefined,
    ]
  }
  horizontal={false}
  initialNumToRender={10}
  inverted={true}
  keyExtractor={[Function]}
  keyboardDismissMode="interactive"
  keyboardShouldPersistTaps="handled"
  listKey="recyclerFor-channel-id"
  maintainVisibleContentPosition={
    Object {
      "autoscrollToTopThreshold": 60,
      "minIndexForVisible": 0,
    }
  }
  maxToRenderPerBatch={10}
  numColumns={1}
  onContentSizeChange={[Function]}
  onEndReachedThreshold={2}
  onLayout={[Function]}
  onScroll={[Function]}
  onScrollBeginDrag={[Function]}
  onScrollToIndexFailed={[Function]}
  refreshControl={
    <RefreshControl
      colors={
        Array [
          "#3d3c40",
        ]
      }
      onRefresh={[Function]}
      refreshing={false}
      tintColor="#3d3c40"
    />
  }
  removeClippedSubviews={false}
  renderItem={[Function]}
  scrollEventThrottle={60}
  style={
    Object {
      "flex": 1,
    }
  }
  updateCellsBatchingPeriod={50}
  windowSize={50}
/>
`;
